error[E0597]: `vec` does not live long enough
 --> $DIR/vec.rs:5:42
  |
5 |     let bad: &'static NonEmptySlice<_> = &vec;
  |              -------------------------   ^^^^ borrowed value does not live long enough
  |              |
  |              type annotation requires that `vec` is borrowed for `'static`
...
8 | }
  | - `vec` dropped here while still borrowed

error[E0505]: cannot move out of `vec` because it is borrowed
 --> $DIR/vec.rs:6:10
  |
5 |     let bad: &'static NonEmptySlice<_> = &vec;
  |              -------------------------   ---- borrow of `vec` occurs here
  |              |
  |              type annotation requires that `vec` is borrowed for `'static`
6 |     drop(vec);
  |          ^^^ move out of `vec` occurs here
